SWEEP2 START
{"label": "A-pmin0.00-20k", "spec_min_p": 0.0, "top_k": 20, "top_p": 0.95, "min_p": 0.0, "wall_s": 17.4, "ptok": 20446, "gen": 62, "prefill_tps": 1254.4, "decode_tps": 64.2, "draft_n": 63, "draft_acc": 42}
{"label": "A-pmin0.00-100k", "spec_min_p": 0.0, "top_k": 20, "top_p": 0.95, "min_p": 0.0, "wall_s": 63.7, "ptok": 101900, "gen": 67, "prefill_tps": 1645.2, "decode_tps": 53.1, "draft_n": 79, "draft_acc": 41}
{"label": "A-pmin0.60-20k", "spec_min_p": 0.6, "top_k": 20, "top_p": 0.95, "min_p": 0.0, "wall_s": 17.0, "ptok": 20446, "gen": 62, "prefill_tps": 1271.0, "decode_tps": 73.7, "draft_n": 46, "draft_acc": 39}
{"label": "A-pmin0.60-100k", "spec_min_p": 0.6, "top_k": 20, "top_p": 0.95, "min_p": 0.0, "wall_s": 63.4, "ptok": 101901, "gen": 67, "prefill_tps": 1650.7, "decode_tps": 55.7, "draft_n": 52, "draft_acc": 36}
{"label": "A-pmin0.85-20k", "spec_min_p": 0.85, "top_k": 20, "top_p": 0.95, "min_p": 0.0, "wall_s": 16.7, "ptok": 20446, "gen": 31, "prefill_tps": 1266.0, "decode_tps": 63.0, "draft_n": 19, "draft_acc": 16}
{"label": "A-pmin0.85-100k", "spec_min_p": 0.85, "top_k": 20, "top_p": 0.95, "min_p": 0.0, "wall_s": 63.7, "ptok": 101901, "gen": 83, "prefill_tps": 1649.1, "decode_tps": 59.1, "draft_n": 45, "draft_acc": 41}
STAGE A winner spec_min_p = 0.85 (A-pmin0.85-100k)
{"label": "B-tk20-minp05", "spec_min_p": 0.85, "top_k": 20, "top_p": 0.95, "min_p": 0.05, "wall_s": 64.0, "ptok": 101898, "gen": 80, "prefill_tps": 1643.0, "decode_tps": 55.6, "draft_n": 47, "draft_acc": 37}
{"label": "B-tk20-minp08", "spec_min_p": 0.85, "top_k": 20, "top_p": 0.95, "min_p": 0.08, "wall_s": 63.9, "ptok": 101898, "gen": 80, "prefill_tps": 1642.1, "decode_tps": 58.6, "draft_n": 43, "draft_acc": 38}
{"label": "B-tk20-minp10", "spec_min_p": 0.85, "top_k": 20, "top_p": 0.95, "min_p": 0.1, "wall_s": 63.9, "ptok": 101898, "gen": 80, "prefill_tps": 1646.0, "decode_tps": 55.9, "draft_n": 40, "draft_acc": 35}
{"label": "B-tk30-minp05", "spec_min_p": 0.85, "top_k": 30, "top_p": 0.95, "min_p": 0.05, "wall_s": 64.0, "ptok": 101898, "gen": 82, "prefill_tps": 1644.2, "decode_tps": 56.5, "draft_n": 46, "draft_acc": 40}
{"label": "B-tk30-minp08", "spec_min_p": 0.85, "top_k": 30, "top_p": 0.95, "min_p": 0.08, "wall_s": 63.6, "ptok": 101898, "gen": 65, "prefill_tps": 1647.3, "decode_tps": 55.4, "draft_n": 45, "draft_acc": 33}
{"label": "B-tk30-minp10", "spec_min_p": 0.85, "top_k": 30, "top_p": 0.95, "min_p": 0.1, "wall_s": 63.8, "ptok": 101898, "gen": 80, "prefill_tps": 1649.0, "decode_tps": 54.2, "draft_n": 47, "draft_acc": 35}
{"label": "B-tk40-minp05", "spec_min_p": 0.85, "top_k": 40, "top_p": 0.95, "min_p": 0.05, "wall_s": 63.8, "ptok": 101898, "gen": 80, "prefill_tps": 1645.6, "decode_tps": 59.2, "draft_n": 40, "draft_acc": 38}
{"label": "B-tk40-minp08", "spec_min_p": 0.85, "top_k": 40, "top_p": 0.95, "min_p": 0.08, "wall_s": 63.9, "ptok": 101898, "gen": 80, "prefill_tps": 1643.9, "decode_tps": 57.9, "draft_n": 44, "draft_acc": 38}
{"label": "B-tk40-minp10", "spec_min_p": 0.85, "top_k": 40, "top_p": 0.95, "min_p": 0.1, "wall_s": 63.8, "ptok": 101898, "gen": 80, "prefill_tps": 1643.6, "decode_tps": 58.8, "draft_n": 41, "draft_acc": 38}
{"label": "B-tk50-minp05", "spec_min_p": 0.85, "top_k": 50, "top_p": 0.95, "min_p": 0.05, "wall_s": 63.9, "ptok": 101898, "gen": 82, "prefill_tps": 1645.0, "decode_tps": 57.1, "draft_n": 45, "draft_acc": 40}
{"label": "B-tk50-minp08", "spec_min_p": 0.85, "top_k": 50, "top_p": 0.95, "min_p": 0.08, "wall_s": 63.6, "ptok": 101898, "gen": 68, "prefill_tps": 1643.9, "decode_tps": 61.6, "draft_n": 43, "draft_acc": 38}
{"label": "B-tk50-minp10", "spec_min_p": 0.85, "top_k": 50, "top_p": 0.95, "min_p": 0.1, "wall_s": 63.9, "ptok": 101898, "gen": 80, "prefill_tps": 1644.4, "decode_tps": 58.0, "draft_n": 40, "draft_acc": 37}
STAGE B winner top_k = 50 min_p = 0.08 (B-tk50-minp08)
{"label": "C-topp0.90", "spec_min_p": 0.85, "top_k": 50, "top_p": 0.9, "min_p": 0.08, "wall_s": 63.5, "ptok": 101896, "gen": 63, "prefill_tps": 1646.3, "decode_tps": 56.9, "draft_n": 39, "draft_acc": 32}
{"label": "C-topp1.00", "spec_min_p": 0.85, "top_k": 50, "top_p": 1.0, "min_p": 0.08, "wall_s": 63.3, "ptok": 101896, "gen": 62, "prefill_tps": 1649.3, "decode_tps": 58.5, "draft_n": 40, "draft_acc": 34}
SWEEP2_DONE
