SWEEP3 MASTER START 06:19:47
== 06:19:47 run stageA
{"stage": "A", "label": "A-g0.00-20k", "depth_k": 20000, "spec_min_p": 0.0, "top_k": 20, "top_p": 0.95, "min_p": 0.0, "wall_s": 23.1, "ptok": 20088, "gen": 400, "prefill_tps": 1255.0, "decode_tps": 58.3, "draft_n": 480, "draft_acc": 241}
{"stage": "A", "label": "A-g0.00-60k", "depth_k": 60000, "spec_min_p": 0.0, "top_k": 20, "top_p": 0.95, "min_p": 0.0, "wall_s": 45.1, "ptok": 60078, "gen": 400, "prefill_tps": 1619.3, "decode_tps": 52.1, "draft_n": 525, "draft_acc": 225}
{"stage": "A", "label": "A-g0.00-100k", "depth_k": 100000, "spec_min_p": 0.0, "top_k": 20, "top_p": 0.95, "min_p": 0.0, "wall_s": 68.8, "ptok": 100067, "gen": 400, "prefill_tps": 1647.1, "decode_tps": 52.9, "draft_n": 501, "draft_acc": 232}
{"stage": "A", "label": "A-g0.00-150k", "depth_k": 150000, "spec_min_p": 0.0, "top_k": 20, "top_p": 0.95, "min_p": 0.0, "wall_s": 102.3, "ptok": 150054, "gen": 400, "prefill_tps": 1612.1, "decode_tps": 47.2, "draft_n": 543, "draft_acc": 219}
{"stage": "A", "label": "A-g0.00-200k", "depth_k": 200000, "spec_min_p": 0.0, "top_k": 20, "top_p": 0.95, "min_p": 0.0, "wall_s": 138.3, "ptok": 200046, "gen": 400, "prefill_tps": 1559.7, "decode_tps": 44.2, "draft_n": 576, "draft_acc": 207}
{"stage": "A", "label": "A-g0.00-250k", "depth_k": 250000, "spec_min_p": 0.0, "top_k": 20, "top_p": 0.95, "min_p": 0.0, "wall_s": 177.0, "ptok": 250034, "gen": 400, "prefill_tps": 1494.2, "decode_tps": 47.3, "draft_n": 509, "draft_acc": 229}
{"stage": "A", "label": "A-g0.50-20k", "depth_k": 20000, "spec_min_p": 0.5, "top_k": 20, "top_p": 0.95, "min_p": 0.0, "wall_s": 22.0, "ptok": 20088, "gen": 400, "prefill_tps": 1265.9, "decode_tps": 67.2, "draft_n": 279, "draft_acc": 228}
{"stage": "A", "label": "A-g0.50-60k", "depth_k": 60000, "spec_min_p": 0.5, "top_k": 20, "top_p": 0.95, "min_p": 0.0, "wall_s": 44.1, "ptok": 60078, "gen": 400, "prefill_tps": 1619.5, "decode_tps": 60.1, "draft_n": 295, "draft_acc": 212}
{"stage": "A", "label": "A-g0.50-100k", "depth_k": 100000, "spec_min_p": 0.5, "top_k": 20, "top_p": 0.95, "min_p": 0.0, "wall_s": 68.9, "ptok": 100067, "gen": 400, "prefill_tps": 1641.6, "decode_tps": 53.9, "draft_n": 259, "draft_acc": 185}
{"stage": "A", "label": "A-g0.50-150k", "depth_k": 150000, "spec_min_p": 0.5, "top_k": 20, "top_p": 0.95, "min_p": 0.0, "wall_s": 100.6, "ptok": 150054, "gen": 400, "prefill_tps": 1617.4, "decode_tps": 56.6, "draft_n": 265, "draft_acc": 209}
{"stage": "A", "label": "A-g0.50-200k", "depth_k": 200000, "spec_min_p": 0.5, "top_k": 20, "top_p": 0.95, "min_p": 0.0, "wall_s": 136.6, "ptok": 200047, "gen": 400, "prefill_tps": 1561.9, "decode_tps": 53.0, "draft_n": 254, "draft_acc": 191}
{"stage": "A", "label": "A-g0.50-250k", "depth_k": 250000, "spec_min_p": 0.5, "top_k": 20, "top_p": 0.95, "min_p": 0.0, "wall_s": 176.1, "ptok": 250034, "gen": 400, "prefill_tps": 1498.3, "decode_tps": 50.2, "draft_n": 288, "draft_acc": 200}
{"stage": "A", "label": "A-g0.60-20k", "depth_k": 20000, "spec_min_p": 0.6, "top_k": 20, "top_p": 0.95, "min_p": 0.0, "wall_s": 23.2, "ptok": 20087, "gen": 400, "prefill_tps": 1260.7, "decode_tps": 56.3, "draft_n": 227, "draft_acc": 170}
{"stage": "A", "label": "A-g0.60-60k", "depth_k": 60000, "spec_min_p": 0.6, "top_k": 20, "top_p": 0.95, "min_p": 0.0, "wall_s": 44.7, "ptok": 60078, "gen": 400, "prefill_tps": 1611.8, "decode_tps": 56.1, "draft_n": 270, "draft_acc": 188}
{"stage": "A", "label": "A-g0.60-100k", "depth_k": 100000, "spec_min_p": 0.6, "top_k": 20, "top_p": 0.95, "min_p": 0.0, "wall_s": 68.8, "ptok": 100067, "gen": 400, "prefill_tps": 1642.5, "decode_tps": 54.4, "draft_n": 247, "draft_acc": 183}
{"stage": "A", "label": "A-g0.60-150k", "depth_k": 150000, "spec_min_p": 0.6, "top_k": 20, "top_p": 0.95, "min_p": 0.0, "wall_s": 101.2, "ptok": 150054, "gen": 400, "prefill_tps": 1613.4, "decode_tps": 53.7, "draft_n": 257, "draft_acc": 195}
{"stage": "A", "label": "A-g0.60-200k", "depth_k": 200000, "spec_min_p": 0.6, "top_k": 20, "top_p": 0.95, "min_p": 0.0, "wall_s": 137.1, "ptok": 200047, "gen": 400, "prefill_tps": 1557.4, "decode_tps": 52.2, "draft_n": 257, "draft_acc": 187}
{"stage": "A", "label": "A-g0.60-250k", "depth_k": 250000, "spec_min_p": 0.6, "top_k": 20, "top_p": 0.95, "min_p": 0.0, "wall_s": 176.3, "ptok": 250034, "gen": 400, "prefill_tps": 1497.3, "decode_tps": 49.5, "draft_n": 255, "draft_acc": 191}
{"stage": "A", "label": "A-g0.85-20k", "depth_k": 20000, "spec_min_p": 0.85, "top_k": 20, "top_p": 0.95, "min_p": 0.0, "wall_s": 22.4, "ptok": 20088, "gen": 400, "prefill_tps": 1258.0, "decode_tps": 63.1, "draft_n": 211, "draft_acc": 195}
{"stage": "A", "label": "A-g0.85-60k", "depth_k": 60000, "spec_min_p": 0.85, "top_k": 20, "top_p": 0.95, "min_p": 0.0, "wall_s": 45.2, "ptok": 60078, "gen": 400, "prefill_tps": 1616.2, "decode_tps": 51.9, "draft_n": 164, "draft_acc": 139}
{"stage": "A", "label": "A-g0.85-100k", "depth_k": 100000, "spec_min_p": 0.85, "top_k": 20, "top_p": 0.95, "min_p": 0.0, "wall_s": 68.5, "ptok": 100067, "gen": 400, "prefill_tps": 1645.2, "decode_tps": 55.8, "draft_n": 201, "draft_acc": 178}
{"stage": "A", "label": "A-g0.85-150k", "depth_k": 150000, "spec_min_p": 0.85, "top_k": 20, "top_p": 0.95, "min_p": 0.0, "wall_s": 102.1, "ptok": 150054, "gen": 400, "prefill_tps": 1612.8, "decode_tps": 48.3, "draft_n": 188, "draft_acc": 150}
{"stage": "A", "label": "A-g0.85-200k", "depth_k": 200000, "spec_min_p": 0.85, "top_k": 20, "top_p": 0.95, "min_p": 0.0, "wall_s": 136.5, "ptok": 200047, "gen": 400, "prefill_tps": 1559.9, "decode_tps": 55.3, "draft_n": 217, "draft_acc": 194}
{"stage": "A", "label": "A-g0.85-250k", "depth_k": 250000, "spec_min_p": 0.85, "top_k": 20, "top_p": 0.95, "min_p": 0.0, "wall_s": 177.2, "ptok": 250034, "gen": 400, "prefill_tps": 1495.8, "decode_tps": 45.4, "draft_n": 177, "draft_acc": 149}
STAGE A winner gate=0.50 means={0.0: 50.3, 0.5: 56.8, 0.6: 53.7, 0.85: 53.3}
STAGE_A_DONE
cfg suffix 0 -> tail: int8 --mmap-experts --suffix-draft 0
== 06:58:20 restart ready ~100s
== 06:58:20 run stageS 0
{"stage": "S", "label": "S-sfx0-20k", "depth_k": 20000, "spec_min_p": 0.5, "top_k": 20, "top_p": 0.95, "min_p": 0.0, "wall_s": 25.1, "ptok": 20088, "gen": 400, "prefill_tps": 1129.7, "decode_tps": 57.0, "draft_n": 270, "draft_acc": 206}
{"stage": "S", "label": "S-sfx0-60k", "depth_k": 60000, "spec_min_p": 0.5, "top_k": 20, "top_p": 0.95, "min_p": 0.0, "wall_s": 44.6, "ptok": 60078, "gen": 400, "prefill_tps": 1607.5, "decode_tps": 57.8, "draft_n": 263, "draft_acc": 204}
{"stage": "S", "label": "S-sfx0-100k", "depth_k": 100000, "spec_min_p": 0.5, "top_k": 20, "top_p": 0.95, "min_p": 0.0, "wall_s": 69.1, "ptok": 100067, "gen": 400, "prefill_tps": 1639.9, "decode_tps": 53.1, "draft_n": 284, "draft_acc": 196}
{"stage": "S", "label": "S-sfx0-150k", "depth_k": 150000, "spec_min_p": 0.5, "top_k": 20, "top_p": 0.95, "min_p": 0.0, "wall_s": 101.8, "ptok": 150054, "gen": 400, "prefill_tps": 1607.1, "decode_tps": 52.1, "draft_n": 270, "draft_acc": 195}
{"stage": "S", "label": "S-sfx0-200k", "depth_k": 200000, "spec_min_p": 0.5, "top_k": 20, "top_p": 0.95, "min_p": 0.0, "wall_s": 137.5, "ptok": 200047, "gen": 400, "prefill_tps": 1559.8, "decode_tps": 48.4, "draft_n": 286, "draft_acc": 181}
{"stage": "S", "label": "S-sfx0-250k", "depth_k": 250000, "spec_min_p": 0.5, "top_k": 20, "top_p": 0.95, "min_p": 0.0, "wall_s": 177.5, "ptok": 250034, "gen": 400, "prefill_tps": 1495.1, "decode_tps": 44.4, "draft_n": 274, "draft_acc": 170}
STAGE_S0_DONE
cfg suffix 8 -> tail: int8 --mmap-experts --suffix-draft 8
== 07:09:22 restart ready ~100s
== 07:09:22 run stageS 8
{"stage": "S", "label": "S-sfx8-20k", "depth_k": 20000, "spec_min_p": 0.5, "top_k": 20, "top_p": 0.95, "min_p": 0.0, "wall_s": 26.5, "ptok": 20088, "gen": 400, "prefill_tps": 1066.2, "decode_tps": 54.4, "draft_n": 288, "draft_acc": 199}
{"stage": "S", "label": "S-sfx8-60k", "depth_k": 60000, "spec_min_p": 0.5, "top_k": 20, "top_p": 0.95, "min_p": 0.0, "wall_s": 44.2, "ptok": 60078, "gen": 400, "prefill_tps": 1616.3, "decode_tps": 60.0, "draft_n": 275, "draft_acc": 215}
{"stage": "S", "label": "S-sfx8-100k", "depth_k": 100000, "spec_min_p": 0.5, "top_k": 20, "top_p": 0.95, "min_p": 0.0, "wall_s": 69.0, "ptok": 100066, "gen": 400, "prefill_tps": 1643.9, "decode_tps": 52.3, "draft_n": 278, "draft_acc": 188}
{"stage": "S", "label": "S-sfx8-150k", "depth_k": 150000, "spec_min_p": 0.5, "top_k": 20, "top_p": 0.95, "min_p": 0.0, "wall_s": 101.3, "ptok": 150054, "gen": 400, "prefill_tps": 1615.9, "decode_tps": 52.1, "draft_n": 254, "draft_acc": 191}
{"stage": "S", "label": "S-sfx8-200k", "depth_k": 200000, "spec_min_p": 0.5, "top_k": 20, "top_p": 0.95, "min_p": 0.0, "wall_s": 137.3, "ptok": 200047, "gen": 400, "prefill_tps": 1557.5, "decode_tps": 50.8, "draft_n": 278, "draft_acc": 193}
{"stage": "S", "label": "S-sfx8-250k", "depth_k": 250000, "spec_min_p": 0.5, "top_k": 20, "top_p": 0.95, "min_p": 0.0, "wall_s": 176.7, "ptok": 250034, "gen": 400, "prefill_tps": 1496.8, "decode_tps": 48.3, "draft_n": 280, "draft_acc": 194}
STAGE_S8_DONE
cfg suffix default -> tail: 262144 --kv int8 --mmap-experts
cfg coupled on -> tail: --kv int8 --mmap-experts --coupled-draft
== 07:20:13 restart ready ~90s
== 07:20:13 run stageC on
{"stage": "C", "label": "C-cplon-20k", "depth_k": 20000, "spec_min_p": 0.5, "top_k": 20, "top_p": 0.95, "min_p": 0.0, "wall_s": 27.1, "ptok": 20088, "gen": 400, "prefill_tps": 1054.7, "decode_tps": 51.1, "draft_n": 395, "draft_acc": 210}
{"stage": "C", "label": "C-cplon-60k", "depth_k": 60000, "spec_min_p": 0.5, "top_k": 20, "top_p": 0.95, "min_p": 0.0, "wall_s": 44.4, "ptok": 60078, "gen": 400, "prefill_tps": 1613.4, "decode_tps": 59.3, "draft_n": 340, "draft_acc": 229}
{"stage": "C", "label": "C-cplon-100k", "depth_k": 100000, "spec_min_p": 0.5, "top_k": 20, "top_p": 0.95, "min_p": 0.0, "wall_s": 68.8, "ptok": 100067, "gen": 400, "prefill_tps": 1643.2, "decode_tps": 55.0, "draft_n": 355, "draft_acc": 221}
{"stage": "C", "label": "C-cplon-150k", "depth_k": 150000, "spec_min_p": 0.5, "top_k": 20, "top_p": 0.95, "min_p": 0.0, "wall_s": 101.0, "ptok": 150054, "gen": 400, "prefill_tps": 1614.2, "decode_tps": 56.0, "draft_n": 334, "draft_acc": 227}
{"stage": "C", "label": "C-cplon-200k", "depth_k": 200000, "spec_min_p": 0.5, "top_k": 20, "top_p": 0.95, "min_p": 0.0, "wall_s": 137.5, "ptok": 200047, "gen": 400, "prefill_tps": 1559.0, "decode_tps": 48.6, "draft_n": 359, "draft_acc": 199}
{"stage": "C", "label": "C-cplon-250k", "depth_k": 250000, "spec_min_p": 0.5, "top_k": 20, "top_p": 0.95, "min_p": 0.0, "wall_s": 176.2, "ptok": 250034, "gen": 400, "prefill_tps": 1497.4, "decode_tps": 49.7, "draft_n": 361, "draft_acc": 219}
STAGE_Con_DONE
cfg coupled off -> tail: 262144 --kv int8 --mmap-experts
== 07:31:15 restart ready ~100s
== 07:31:15 run stageB
{"stage": "B", "label": "B-tk20-mp05-20k", "depth_k": 20000, "spec_min_p": 0.5, "top_k": 20, "top_p": 0.95, "min_p": 0.05, "wall_s": 25.7, "ptok": 20088, "gen": 400, "prefill_tps": 1089.6, "decode_tps": 57.4, "draft_n": 276, "draft_acc": 208}
{"stage": "B", "label": "B-tk20-mp05-60k", "depth_k": 60000, "spec_min_p": 0.5, "top_k": 20, "top_p": 0.95, "min_p": 0.05, "wall_s": 44.9, "ptok": 60076, "gen": 400, "prefill_tps": 1618.0, "decode_tps": 54.0, "draft_n": 292, "draft_acc": 198}
{"stage": "B", "label": "B-tk20-mp05-100k", "depth_k": 100000, "spec_min_p": 0.5, "top_k": 20, "top_p": 0.95, "min_p": 0.05, "wall_s": 68.9, "ptok": 100067, "gen": 400, "prefill_tps": 1639.6, "decode_tps": 54.8, "draft_n": 309, "draft_acc": 207}
{"stage": "B", "label": "B-tk20-mp05-150k", "depth_k": 150000, "spec_min_p": 0.5, "top_k": 20, "top_p": 0.95, "min_p": 0.05, "wall_s": 100.9, "ptok": 150054, "gen": 400, "prefill_tps": 1613.0, "decode_tps": 56.5, "draft_n": 279, "draft_acc": 216}
{"stage": "B", "label": "B-tk20-mp05-200k", "depth_k": 200000, "spec_min_p": 0.5, "top_k": 20, "top_p": 0.95, "min_p": 0.05, "wall_s": 137.8, "ptok": 200047, "gen": 400, "prefill_tps": 1556.3, "decode_tps": 48.6, "draft_n": 305, "draft_acc": 188}
{"stage": "B", "label": "B-tk20-mp05-250k", "depth_k": 250000, "spec_min_p": 0.5, "top_k": 20, "top_p": 0.95, "min_p": 0.05, "wall_s": 177.3, "ptok": 250033, "gen": 400, "prefill_tps": 1494.9, "decode_tps": 45.5, "draft_n": 263, "draft_acc": 177}
{"stage": "B", "label": "B-tk20-mp08-20k", "depth_k": 20000, "spec_min_p": 0.5, "top_k": 20, "top_p": 0.95, "min_p": 0.08, "wall_s": 22.7, "ptok": 20088, "gen": 400, "prefill_tps": 1262.7, "decode_tps": 60.0, "draft_n": 287, "draft_acc": 205}
{"stage": "B", "label": "B-tk20-mp08-60k", "depth_k": 60000, "spec_min_p": 0.5, "top_k": 20, "top_p": 0.95, "min_p": 0.08, "wall_s": 44.5, "ptok": 60078, "gen": 400, "prefill_tps": 1613.2, "decode_tps": 57.8, "draft_n": 284, "draft_acc": 202}
{"stage": "B", "label": "B-tk20-mp08-100k", "depth_k": 100000, "spec_min_p": 0.5, "top_k": 20, "top_p": 0.95, "min_p": 0.08, "wall_s": 68.5, "ptok": 100067, "gen": 400, "prefill_tps": 1644.5, "decode_tps": 56.6, "draft_n": 308, "draft_acc": 209}
{"stage": "B", "label": "B-tk20-mp08-150k", "depth_k": 150000, "spec_min_p": 0.5, "top_k": 20, "top_p": 0.95, "min_p": 0.08, "wall_s": 101.7, "ptok": 150054, "gen": 400, "prefill_tps": 1610.6, "decode_tps": 51.2, "draft_n": 268, "draft_acc": 186}
{"stage": "B", "label": "B-tk20-mp08-200k", "depth_k": 200000, "spec_min_p": 0.5, "top_k": 20, "top_p": 0.95, "min_p": 0.08, "wall_s": 137.3, "ptok": 200047, "gen": 400, "prefill_tps": 1555.3, "decode_tps": 51.9, "draft_n": 296, "draft_acc": 199}
{"stage": "B", "label": "B-tk20-mp08-250k", "depth_k": 250000, "spec_min_p": 0.5, "top_k": 20, "top_p": 0.95, "min_p": 0.08, "wall_s": 176.2, "ptok": 250034, "gen": 400, "prefill_tps": 1494.4, "decode_tps": 52.3, "draft_n": 278, "draft_acc": 210}
{"stage": "B", "label": "B-tk20-mp10-20k", "depth_k": 20000, "spec_min_p": 0.5, "top_k": 20, "top_p": 0.95, "min_p": 0.1, "wall_s": 23.1, "ptok": 20087, "gen": 400, "prefill_tps": 1261.0, "decode_tps": 57.2, "draft_n": 293, "draft_acc": 192}
{"stage": "B", "label": "B-tk20-mp10-60k", "depth_k": 60000, "spec_min_p": 0.5, "top_k": 20, "top_p": 0.95, "min_p": 0.1, "wall_s": 44.8, "ptok": 60077, "gen": 400, "prefill_tps": 1613.1, "decode_tps": 55.0, "draft_n": 297, "draft_acc": 191}
{"stage": "B", "label": "B-tk20-mp10-100k", "depth_k": 100000, "spec_min_p": 0.5, "top_k": 20, "top_p": 0.95, "min_p": 0.1, "wall_s": 68.6, "ptok": 100067, "gen": 400, "prefill_tps": 1642.8, "decode_tps": 55.7, "draft_n": 254, "draft_acc": 194}
{"stage": "B", "label": "B-tk20-mp10-150k", "depth_k": 150000, "spec_min_p": 0.5, "top_k": 20, "top_p": 0.95, "min_p": 0.1, "wall_s": 100.8, "ptok": 150054, "gen": 400, "prefill_tps": 1616.4, "decode_tps": 55.0, "draft_n": 274, "draft_acc": 207}
{"stage": "B", "label": "B-tk20-mp10-200k", "depth_k": 200000, "spec_min_p": 0.5, "top_k": 20, "top_p": 0.95, "min_p": 0.1, "wall_s": 137.0, "ptok": 200047, "gen": 400, "prefill_tps": 1557.6, "decode_tps": 52.4, "draft_n": 287, "draft_acc": 197}
{"stage": "B", "label": "B-tk20-mp10-250k", "depth_k": 250000, "spec_min_p": 0.5, "top_k": 20, "top_p": 0.95, "min_p": 0.1, "wall_s": 176.5, "ptok": 250034, "gen": 400, "prefill_tps": 1495.6, "decode_tps": 49.3, "draft_n": 255, "draft_acc": 190}
{"stage": "B", "label": "B-tk30-mp05-20k", "depth_k": 20000, "spec_min_p": 0.5, "top_k": 30, "top_p": 0.95, "min_p": 0.05, "wall_s": 22.1, "ptok": 20088, "gen": 400, "prefill_tps": 1260.4, "decode_tps": 66.6, "draft_n": 278, "draft_acc": 228}
{"stage": "B", "label": "B-tk30-mp05-60k", "depth_k": 60000, "spec_min_p": 0.5, "top_k": 30, "top_p": 0.95, "min_p": 0.05, "wall_s": 44.6, "ptok": 60078, "gen": 400, "prefill_tps": 1614.0, "decode_tps": 56.7, "draft_n": 280, "draft_acc": 195}
{"stage": "B", "label": "B-tk30-mp05-100k", "depth_k": 100000, "spec_min_p": 0.5, "top_k": 30, "top_p": 0.95, "min_p": 0.05, "wall_s": 68.5, "ptok": 100067, "gen": 400, "prefill_tps": 1640.8, "decode_tps": 57.1, "draft_n": 278, "draft_acc": 204}
{"stage": "B", "label": "B-tk30-mp05-150k", "depth_k": 150000, "spec_min_p": 0.5, "top_k": 30, "top_p": 0.95, "min_p": 0.05, "wall_s": 100.8, "ptok": 150054, "gen": 400, "prefill_tps": 1613.3, "decode_tps": 57.1, "draft_n": 277, "draft_acc": 215}
{"stage": "B", "label": "B-tk30-mp05-200k", "depth_k": 200000, "spec_min_p": 0.5, "top_k": 30, "top_p": 0.95, "min_p": 0.05, "wall_s": 137.5, "ptok": 200047, "gen": 400, "prefill_tps": 1560.2, "decode_tps": 48.4, "draft_n": 267, "draft_acc": 170}
{"stage": "B", "label": "B-tk30-mp05-250k", "depth_k": 250000, "spec_min_p": 0.5, "top_k": 30, "top_p": 0.95, "min_p": 0.05, "wall_s": 176.0, "ptok": 250034, "gen": 400, "prefill_tps": 1496.5, "decode_tps": 51.8, "draft_n": 290, "draft_acc": 212}
{"stage": "B", "label": "B-tk30-mp08-20k", "depth_k": 20000, "spec_min_p": 0.5, "top_k": 30, "top_p": 0.95, "min_p": 0.08, "wall_s": 22.9, "ptok": 20088, "gen": 400, "prefill_tps": 1259.5, "decode_tps": 59.0, "draft_n": 255, "draft_acc": 190}
{"stage": "B", "label": "B-tk30-mp08-60k", "depth_k": 60000, "spec_min_p": 0.5, "top_k": 30, "top_p": 0.95, "min_p": 0.08, "wall_s": 44.7, "ptok": 60078, "gen": 400, "prefill_tps": 1610.5, "decode_tps": 56.6, "draft_n": 279, "draft_acc": 193}
{"stage": "B", "label": "B-tk30-mp08-100k", "depth_k": 100000, "spec_min_p": 0.5, "top_k": 30, "top_p": 0.95, "min_p": 0.08, "wall_s": 68.5, "ptok": 100067, "gen": 400, "prefill_tps": 1642.7, "decode_tps": 56.3, "draft_n": 300, "draft_acc": 206}
{"stage": "B", "label": "B-tk30-mp08-150k", "depth_k": 150000, "spec_min_p": 0.5, "top_k": 30, "top_p": 0.95, "min_p": 0.08, "wall_s": 101.8, "ptok": 150054, "gen": 400, "prefill_tps": 1610.5, "decode_tps": 51.2, "draft_n": 276, "draft_acc": 187}
{"stage": "B", "label": "B-tk30-mp08-200k", "depth_k": 200000, "spec_min_p": 0.5, "top_k": 30, "top_p": 0.95, "min_p": 0.08, "wall_s": 137.2, "ptok": 200047, "gen": 400, "prefill_tps": 1555.9, "decode_tps": 52.5, "draft_n": 307, "draft_acc": 201}
{"stage": "B", "label": "B-tk30-mp08-250k", "depth_k": 250000, "spec_min_p": 0.5, "top_k": 30, "top_p": 0.95, "min_p": 0.08, "wall_s": 176.4, "ptok": 250034, "gen": 400, "prefill_tps": 1497.6, "decode_tps": 48.6, "draft_n": 291, "draft_acc": 195}
{"stage": "B", "label": "B-tk30-mp10-20k", "depth_k": 20000, "spec_min_p": 0.5, "top_k": 30, "top_p": 0.95, "min_p": 0.1, "wall_s": 22.7, "ptok": 20088, "gen": 400, "prefill_tps": 1264.2, "decode_tps": 59.6, "draft_n": 305, "draft_acc": 204}
{"stage": "B", "label": "B-tk30-mp10-60k", "depth_k": 60000, "spec_min_p": 0.5, "top_k": 30, "top_p": 0.95, "min_p": 0.1, "wall_s": 44.0, "ptok": 60078, "gen": 400, "prefill_tps": 1612.9, "decode_tps": 62.2, "draft_n": 257, "draft_acc": 212}
{"stage": "B", "label": "B-tk30-mp10-100k", "depth_k": 100000, "spec_min_p": 0.5, "top_k": 30, "top_p": 0.95, "min_p": 0.1, "wall_s": 68.5, "ptok": 100067, "gen": 400, "prefill_tps": 1642.4, "decode_tps": 56.8, "draft_n": 296, "draft_acc": 206}
{"stage": "B", "label": "B-tk30-mp10-150k", "depth_k": 150000, "spec_min_p": 0.5, "top_k": 30, "top_p": 0.95, "min_p": 0.1, "wall_s": 102.1, "ptok": 150054, "gen": 400, "prefill_tps": 1613.5, "decode_tps": 47.9, "draft_n": 254, "draft_acc": 162}
{"stage": "B", "label": "B-tk30-mp10-200k", "depth_k": 200000, "spec_min_p": 0.5, "top_k": 30, "top_p": 0.95, "min_p": 0.1, "wall_s": 137.0, "ptok": 200047, "gen": 400, "prefill_tps": 1558.4, "decode_tps": 52.3, "draft_n": 263, "draft_acc": 190}
{"stage": "B", "label": "B-tk30-mp10-250k", "depth_k": 250000, "spec_min_p": 0.5, "top_k": 30, "top_p": 0.95, "min_p": 0.1, "wall_s": 176.0, "ptok": 250034, "gen": 400, "prefill_tps": 1497.3, "decode_tps": 51.4, "draft_n": 280, "draft_acc": 205}
{"stage": "B", "label": "B-tk40-mp05-20k", "depth_k": 20000, "spec_min_p": 0.5, "top_k": 40, "top_p": 0.95, "min_p": 0.05, "wall_s": 22.1, "ptok": 20088, "gen": 400, "prefill_tps": 1260.6, "decode_tps": 66.5, "draft_n": 269, "draft_acc": 223}
{"stage": "B", "label": "B-tk40-mp05-60k", "depth_k": 60000, "spec_min_p": 0.5, "top_k": 40, "top_p": 0.95, "min_p": 0.05, "wall_s": 44.0, "ptok": 60078, "gen": 400, "prefill_tps": 1618.0, "decode_tps": 61.4, "draft_n": 290, "draft_acc": 219}
{"stage": "B", "label": "B-tk40-mp05-100k", "depth_k": 100000, "spec_min_p": 0.5, "top_k": 40, "top_p": 0.95, "min_p": 0.05, "wall_s": 68.5, "ptok": 100067, "gen": 400, "prefill_tps": 1646.8, "decode_tps": 54.9, "draft_n": 307, "draft_acc": 199}
{"stage": "B", "label": "B-tk40-mp05-150k", "depth_k": 150000, "spec_min_p": 0.5, "top_k": 40, "top_p": 0.95, "min_p": 0.05, "wall_s": 101.3, "ptok": 150053, "gen": 400, "prefill_tps": 1613.8, "decode_tps": 53.0, "draft_n": 274, "draft_acc": 194}
{"stage": "B", "label": "B-tk40-mp05-200k", "depth_k": 200000, "spec_min_p": 0.5, "top_k": 40, "top_p": 0.95, "min_p": 0.05, "wall_s": 136.5, "ptok": 200047, "gen": 400, "prefill_tps": 1559.2, "decode_tps": 55.2, "draft_n": 287, "draft_acc": 209}
{"stage": "B", "label": "B-tk40-mp05-250k", "depth_k": 250000, "spec_min_p": 0.5, "top_k": 40, "top_p": 0.95, "min_p": 0.05, "wall_s": 176.8, "ptok": 250034, "gen": 400, "prefill_tps": 1496.6, "decode_tps": 47.0, "draft_n": 287, "draft_acc": 185}
{"stage": "B", "label": "B-tk40-mp08-20k", "depth_k": 20000, "spec_min_p": 0.5, "top_k": 40, "top_p": 0.95, "min_p": 0.08, "wall_s": 22.7, "ptok": 20087, "gen": 400, "prefill_tps": 1263.9, "decode_tps": 60.0, "draft_n": 307, "draft_acc": 206}
{"stage": "B", "label": "B-tk40-mp08-60k", "depth_k": 60000, "spec_min_p": 0.5, "top_k": 40, "top_p": 0.95, "min_p": 0.08, "wall_s": 44.2, "ptok": 60078, "gen": 400, "prefill_tps": 1619.5, "decode_tps": 59.0, "draft_n": 288, "draft_acc": 207}
{"stage": "B", "label": "B-tk40-mp08-100k", "depth_k": 100000, "spec_min_p": 0.5, "top_k": 40, "top_p": 0.95, "min_p": 0.08, "wall_s": 68.2, "ptok": 100066, "gen": 400, "prefill_tps": 1641.8, "decode_tps": 58.9, "draft_n": 271, "draft_acc": 210}
{"stage": "B", "label": "B-tk40-mp08-150k", "depth_k": 150000, "spec_min_p": 0.5, "top_k": 40, "top_p": 0.95, "min_p": 0.08, "wall_s": 101.1, "ptok": 150054, "gen": 400, "prefill_tps": 1616.8, "decode_tps": 53.2, "draft_n": 259, "draft_acc": 192}
{"stage": "B", "label": "B-tk40-mp08-200k", "depth_k": 200000, "spec_min_p": 0.5, "top_k": 40, "top_p": 0.95, "min_p": 0.08, "wall_s": 136.7, "ptok": 200047, "gen": 400, "prefill_tps": 1558.0, "decode_tps": 54.8, "draft_n": 280, "draft_acc": 205}
{"stage": "B", "label": "B-tk40-mp08-250k", "depth_k": 250000, "spec_min_p": 0.5, "top_k": 40, "top_p": 0.95, "min_p": 0.08, "wall_s": 176.4, "ptok": 250034, "gen": 400, "prefill_tps": 1496.3, "decode_tps": 49.8, "draft_n": 265, "draft_acc": 195}
{"stage": "B", "label": "B-tk40-mp10-20k", "depth_k": 20000, "spec_min_p": 0.5, "top_k": 40, "top_p": 0.95, "min_p": 0.1, "wall_s": 22.3, "ptok": 20088, "gen": 400, "prefill_tps": 1264.7, "decode_tps": 64.0, "draft_n": 252, "draft_acc": 211}
{"stage": "B", "label": "B-tk40-mp10-60k", "depth_k": 60000, "spec_min_p": 0.5, "top_k": 40, "top_p": 0.95, "min_p": 0.1, "wall_s": 43.4, "ptok": 60078, "gen": 400, "prefill_tps": 1620.0, "decode_tps": 66.4, "draft_n": 266, "draft_acc": 229}
{"stage": "B", "label": "B-tk40-mp10-100k", "depth_k": 100000, "spec_min_p": 0.5, "top_k": 40, "top_p": 0.95, "min_p": 0.1, "wall_s": 68.7, "ptok": 100067, "gen": 400, "prefill_tps": 1641.3, "decode_tps": 55.3, "draft_n": 274, "draft_acc": 197}
{"stage": "B", "label": "B-tk40-mp10-150k", "depth_k": 150000, "spec_min_p": 0.5, "top_k": 40, "top_p": 0.95, "min_p": 0.1, "wall_s": 100.9, "ptok": 150054, "gen": 400, "prefill_tps": 1613.6, "decode_tps": 56.0, "draft_n": 273, "draft_acc": 208}
{"stage": "B", "label": "B-tk40-mp10-200k", "depth_k": 200000, "spec_min_p": 0.5, "top_k": 40, "top_p": 0.95, "min_p": 0.1, "wall_s": 137.8, "ptok": 200047, "gen": 400, "prefill_tps": 1560.7, "decode_tps": 46.2, "draft_n": 263, "draft_acc": 156}
{"stage": "B", "label": "B-tk40-mp10-250k", "depth_k": 250000, "spec_min_p": 0.5, "top_k": 40, "top_p": 0.95, "min_p": 0.1, "wall_s": 177.0, "ptok": 250034, "gen": 400, "prefill_tps": 1493.6, "decode_tps": 48.1, "draft_n": 258, "draft_acc": 183}
{"stage": "B", "label": "B-tk50-mp05-20k", "depth_k": 20000, "spec_min_p": 0.5, "top_k": 50, "top_p": 0.95, "min_p": 0.05, "wall_s": 22.3, "ptok": 20088, "gen": 400, "prefill_tps": 1261.5, "decode_tps": 64.3, "draft_n": 278, "draft_acc": 217}
{"stage": "B", "label": "B-tk50-mp05-60k", "depth_k": 60000, "spec_min_p": 0.5, "top_k": 50, "top_p": 0.95, "min_p": 0.05, "wall_s": 44.4, "ptok": 60078, "gen": 400, "prefill_tps": 1615.7, "decode_tps": 57.7, "draft_n": 274, "draft_acc": 199}
{"stage": "B", "label": "B-tk50-mp05-100k", "depth_k": 100000, "spec_min_p": 0.5, "top_k": 50, "top_p": 0.95, "min_p": 0.05, "wall_s": 68.6, "ptok": 100067, "gen": 400, "prefill_tps": 1643.2, "decode_tps": 55.2, "draft_n": 272, "draft_acc": 193}
{"stage": "B", "label": "B-tk50-mp05-150k", "depth_k": 150000, "spec_min_p": 0.5, "top_k": 50, "top_p": 0.95, "min_p": 0.05, "wall_s": 101.4, "ptok": 150054, "gen": 400, "prefill_tps": 1612.4, "decode_tps": 52.9, "draft_n": 285, "draft_acc": 197}
{"stage": "B", "label": "B-tk50-mp05-200k", "depth_k": 200000, "spec_min_p": 0.5, "top_k": 50, "top_p": 0.95, "min_p": 0.05, "wall_s": 137.3, "ptok": 200047, "gen": 400, "prefill_tps": 1556.7, "decode_tps": 51.4, "draft_n": 270, "draft_acc": 186}
{"stage": "B", "label": "B-tk50-mp05-250k", "depth_k": 250000, "spec_min_p": 0.5, "top_k": 50, "top_p": 0.95, "min_p": 0.05, "wall_s": 176.1, "ptok": 250034, "gen": 400, "prefill_tps": 1498.2, "decode_tps": 50.3, "draft_n": 274, "draft_acc": 198}
{"stage": "B", "label": "B-tk50-mp08-20k", "depth_k": 20000, "spec_min_p": 0.5, "top_k": 50, "top_p": 0.95, "min_p": 0.08, "wall_s": 23.3, "ptok": 20087, "gen": 400, "prefill_tps": 1265.4, "decode_tps": 55.1, "draft_n": 275, "draft_acc": 176}
{"stage": "B", "label": "B-tk50-mp08-60k", "depth_k": 60000, "spec_min_p": 0.5, "top_k": 50, "top_p": 0.95, "min_p": 0.08, "wall_s": 44.8, "ptok": 60078, "gen": 400, "prefill_tps": 1608.9, "decode_tps": 56.4, "draft_n": 280, "draft_acc": 191}
{"stage": "B", "label": "B-tk50-mp08-100k", "depth_k": 100000, "spec_min_p": 0.5, "top_k": 50, "top_p": 0.95, "min_p": 0.08, "wall_s": 68.8, "ptok": 100067, "gen": 400, "prefill_tps": 1646.3, "decode_tps": 52.7, "draft_n": 257, "draft_acc": 180}
{"stage": "B", "label": "B-tk50-mp08-150k", "depth_k": 150000, "spec_min_p": 0.5, "top_k": 50, "top_p": 0.95, "min_p": 0.08, "wall_s": 101.5, "ptok": 150054, "gen": 400, "prefill_tps": 1609.6, "decode_tps": 53.2, "draft_n": 286, "draft_acc": 198}
{"stage": "B", "label": "B-tk50-mp08-200k", "depth_k": 200000, "spec_min_p": 0.5, "top_k": 50, "top_p": 0.95, "min_p": 0.08, "wall_s": 136.6, "ptok": 200047, "gen": 400, "prefill_tps": 1560.2, "decode_tps": 54.5, "draft_n": 294, "draft_acc": 209}
{"stage": "B", "label": "B-tk50-mp08-250k", "depth_k": 250000, "spec_min_p": 0.5, "top_k": 50, "top_p": 0.95, "min_p": 0.08, "wall_s": 175.9, "ptok": 250034, "gen": 400, "prefill_tps": 1495.2, "decode_tps": 53.7, "draft_n": 309, "draft_acc": 223}
{"stage": "B", "label": "B-tk50-mp10-20k", "depth_k": 20000, "spec_min_p": 0.5, "top_k": 50, "top_p": 0.95, "min_p": 0.1, "wall_s": 22.1, "ptok": 20088, "gen": 400, "prefill_tps": 1261.5, "decode_tps": 66.0, "draft_n": 260, "draft_acc": 219}
{"stage": "B", "label": "B-tk50-mp10-60k", "depth_k": 60000, "spec_min_p": 0.5, "top_k": 50, "top_p": 0.95, "min_p": 0.1, "wall_s": 44.2, "ptok": 60078, "gen": 400, "prefill_tps": 1614.1, "decode_tps": 60.2, "draft_n": 279, "draft_acc": 208}
{"stage": "B", "label": "B-tk50-mp10-100k", "depth_k": 100000, "spec_min_p": 0.5, "top_k": 50, "top_p": 0.95, "min_p": 0.1, "wall_s": 68.2, "ptok": 100067, "gen": 400, "prefill_tps": 1641.6, "decode_tps": 59.2, "draft_n": 284, "draft_acc": 216}
{"stage": "B", "label": "B-tk50-mp10-150k", "depth_k": 150000, "spec_min_p": 0.5, "top_k": 50, "top_p": 0.95, "min_p": 0.1, "wall_s": 101.3, "ptok": 150054, "gen": 400, "prefill_tps": 1610.8, "decode_tps": 54.0, "draft_n": 268, "draft_acc": 198}
{"stage": "B", "label": "B-tk50-mp10-200k", "depth_k": 200000, "spec_min_p": 0.5, "top_k": 50, "top_p": 0.95, "min_p": 0.1, "wall_s": 137.5, "ptok": 200047, "gen": 400, "prefill_tps": 1554.6, "decode_tps": 51.0, "draft_n": 270, "draft_acc": 185}
{"stage": "B", "label": "B-tk50-mp10-250k", "depth_k": 250000, "spec_min_p": 0.5, "top_k": 50, "top_p": 0.95, "min_p": 0.1, "wall_s": 175.7, "ptok": 250034, "gen": 400, "prefill_tps": 1494.9, "decode_tps": 55.3, "draft_n": 284, "draft_acc": 223}
STAGE B cell winner: tk=50 mp=0.10
{"stage": "B", "label": "B-tp0.90-20k", "depth_k": 20000, "spec_min_p": 0.5, "top_k": 50, "top_p": 0.9, "min_p": 0.1, "wall_s": 22.7, "ptok": 20088, "gen": 400, "prefill_tps": 1262.9, "decode_tps": 60.2, "draft_n": 276, "draft_acc": 200}
{"stage": "B", "label": "B-tp0.90-60k", "depth_k": 60000, "spec_min_p": 0.5, "top_k": 50, "top_p": 0.9, "min_p": 0.1, "wall_s": 44.8, "ptok": 60078, "gen": 400, "prefill_tps": 1617.9, "decode_tps": 54.4, "draft_n": 285, "draft_acc": 183}
{"stage": "B", "label": "B-tp0.90-100k", "depth_k": 100000, "spec_min_p": 0.5, "top_k": 50, "top_p": 0.9, "min_p": 0.1, "wall_s": 68.5, "ptok": 100067, "gen": 400, "prefill_tps": 1644.4, "decode_tps": 56.3, "draft_n": 286, "draft_acc": 202}
{"stage": "B", "label": "B-tp0.90-150k", "depth_k": 150000, "spec_min_p": 0.5, "top_k": 50, "top_p": 0.9, "min_p": 0.1, "wall_s": 101.5, "ptok": 150053, "gen": 400, "prefill_tps": 1614.2, "decode_tps": 51.4, "draft_n": 293, "draft_acc": 191}
{"stage": "B", "label": "B-tp0.90-200k", "depth_k": 200000, "spec_min_p": 0.5, "top_k": 50, "top_p": 0.9, "min_p": 0.1, "wall_s": 137.3, "ptok": 200047, "gen": 400, "prefill_tps": 1557.4, "decode_tps": 50.9, "draft_n": 308, "draft_acc": 193}
{"stage": "B", "label": "B-tp0.90-250k", "depth_k": 250000, "spec_min_p": 0.5, "top_k": 50, "top_p": 0.9, "min_p": 0.1, "wall_s": 176.0, "ptok": 250034, "gen": 400, "prefill_tps": 1495.8, "decode_tps": 52.9, "draft_n": 280, "draft_acc": 213}
{"stage": "B", "label": "B-tp1.00-20k", "depth_k": 20000, "spec_min_p": 0.5, "top_k": 50, "top_p": 1.0, "min_p": 0.1, "wall_s": 22.3, "ptok": 20088, "gen": 400, "prefill_tps": 1263.3, "decode_tps": 63.8, "draft_n": 271, "draft_acc": 214}
{"stage": "B", "label": "B-tp1.00-60k", "depth_k": 60000, "spec_min_p": 0.5, "top_k": 50, "top_p": 1.0, "min_p": 0.1, "wall_s": 43.9, "ptok": 60078, "gen": 400, "prefill_tps": 1616.6, "decode_tps": 61.9, "draft_n": 270, "draft_acc": 215}
{"stage": "B", "label": "B-tp1.00-100k", "depth_k": 100000, "spec_min_p": 0.5, "top_k": 50, "top_p": 1.0, "min_p": 0.1, "wall_s": 68.6, "ptok": 100067, "gen": 400, "prefill_tps": 1645.4, "decode_tps": 54.9, "draft_n": 278, "draft_acc": 193}
{"stage": "B", "label": "B-tp1.00-150k", "depth_k": 150000, "spec_min_p": 0.5, "top_k": 50, "top_p": 1.0, "min_p": 0.1, "wall_s": 101.5, "ptok": 150054, "gen": 400, "prefill_tps": 1610.9, "decode_tps": 53.0, "draft_n": 267, "draft_acc": 195}
{"stage": "B", "label": "B-tp1.00-200k", "depth_k": 200000, "spec_min_p": 0.5, "top_k": 50, "top_p": 1.0, "min_p": 0.1, "wall_s": 137.2, "ptok": 200046, "gen": 400, "prefill_tps": 1557.5, "decode_tps": 52.0, "draft_n": 264, "draft_acc": 188}
{"stage": "B", "label": "B-tp1.00-250k", "depth_k": 250000, "spec_min_p": 0.5, "top_k": 50, "top_p": 1.0, "min_p": 0.1, "wall_s": 176.4, "ptok": 250034, "gen": 400, "prefill_tps": 1496.5, "decode_tps": 49.6, "draft_n": 287, "draft_acc": 197}
STAGE_B_DONE
cfg suffix default -> tail: 262144 --kv int8 --mmap-experts
cfg coupled off -> tail: 262144 --kv int8 --mmap-experts
cfg gate winner -> tail: 262144 --kv int8 --mmap-experts
== 09:41:29 restart ready ~100s
SWEEP3 ALL DONE 09:41:29
